[Licensing::Module] Trying to connect to existing licensing client channel...
[Licensing::IpcConnector] Successfully connected to: "LicenseClient-A" at "2026-07-04T12:34:22.1633568Z"
[Licensing::Client] Code 1 while verifying Licensing Client signature (process Id: 19388, path: "E:/EarthOnline/UnityHub/UnityLicensingClient_V1/Unity.Licensing.Client.exe")
[Licensing::Module] LicensingClient has failed validation; ignoring
[Licensing::Client] Error: HandshakeResponse reported an error:
	ResponseCode: 505
	ResponseStatus: Unsupported protocol version '1.16.2'.
[Licensing::Module] Error: Failed to handshake to channel: "LicenseClient-A"
[Licensing::IpcConnector] LicenseClient-A channel disconnected successfully.
[Licensing::IpcConnector] Channel LicenseClient-A-2022.3.62 doesn't exist
[Licensing::Module] Successfully launched the LicensingClient (PId: 23640)
[Licensing::IpcConnector] Successfully connected to: "LicenseClient-A-2022.3.62" at "2026-07-04T12:34:22.7506863Z"
[Licensing::Client] Code 10 while verifying Licensing Client signature (process Id: 23640, path: "E:/EarthOnline/UnityEditor/2022.3.62f3c1/Editor/Data/Resources/Licensing/Client/Unity.Licensing.Client.exe")
[Licensing::Module] LicensingClient has failed validation; ignoring
[Licensing::Client] Handshaking with LicensingClient:
  Version:                 1.16.2+bdef8f5
  Session Id:              0ad155d4fea04d3dbe106b11c00580ab
  Correlation Id:          affccad9dfc81fdba70293d2b48d73c5
  External correlation Id: 2859578102475622071
  Machine Id:              yMgjXuIJpoXjn20/idVxM1tzKgk=
[Licensing::Module] Successfully connected to LicensingClient on channel: "LicenseClient-A-2022.3.62" (connect: 0.56s, validation: 0.22s, handshake: 0.05s)
[Licensing::IpcConnector] Successfully connected to: "LicenseClient-A-2022.3.62-notifications" at "2026-07-04T12:34:23.0181076Z"
[Licensing::Module] Connected to LicensingClient (PId: 23640, launch time: 0.01, total connection time: 0.83s)
[Licensing::Module] Error: Access token is unavailable; failed to update
[Licensing::Client] Error: Code 500 while processing request (status: Unable to update licenses. Errors: No ULF license found.,Token not found in cache)
[Licensing::Client] Error: Code 500 while updating license in client (status: Unable to update licenses. Errors: No ULF license found.,Token not found in cache)
Built from '2022.3/china_unity/release' branch; Version is '2022.3.62f3c1 (1623fc0bbb97) revision 1451004'; Using compiler version '192829333'; Build Type 'Release'
OS: 'Windows 11  (10.0.26200) 64bit Core' Language: 'zh' Physical Memory: 32599 MB
[Licensing::Client] Error: Code 404 while processing request (status: Found 0 entitlement groups and 0 free entitlements matching requested entitlement ids)
[Licensing::Module] Error: 'com.unity.editor.ui' was not found.
BatchMode: 0, IsHumanControllingUs: 1, StartBugReporterOnCrash: 1, Is64bit: 1, IsPro: 0
[Licensing::Client] Error: Code 404 while processing request (status: Found 0 entitlement groups and 0 free entitlements matching requested entitlement ids)
No valid Unity Editor license found. Please activate your license.
Exiting without the bug reporter. Application will terminate with return code 1